// Jest Snapshot v1, https://goo.gl/fbAQLP

exports[`CharacterSelection component renders correctly 1`] = `
<section
  className="characterSelection__container"
>
  <h1>
    Character Selection
  </h1>
  <div
    className="character__container"
  >
    <h2
      className="character__name"
    >
      Adam Jensen
    </h2>
    <p
      className="character__description"
    >
      Task Force 29 operative.
    </p>
    <a
      href="/aj/powers"
      onClick={[Function]}
    >
      Choose 
      Adam Jensen
    </a>
  </div>
  <div
    className="character__container"
  >
    <h2
      className="character__name"
    >
      Scott Ryder
    </h2>
    <p
      className="character__description"
    >
      The pathfinder.
    </p>
    <a
      href="/sr/powers"
      onClick={[Function]}
    >
      Choose 
      Scott Ryder
    </a>
  </div>
</section>
`;
