// Jest Snapshot v1, https://goo.gl/fbAQLP

exports[`CharacterSelection component when rendered renders a heading with sub-areas for each character 1`] = `
<section
  className="characterSelection__container"
>
  <h1>
    Character Selection
  </h1>
  <div
    className="character__container"
  >
    <h2
      className="character__name"
    >
      Adam Jensen
    </h2>
    <p
      className="character__description"
    >
      Task Force 29 operative.
    </p>
    <MockLink
      to="/dummy-id/powers"
    >
      Choose 
      Adam Jensen
    </MockLink>
  </div>
  <div
    className="character__container"
  >
    <h2
      className="character__name"
    >
      Scott Ryder
    </h2>
    <p
      className="character__description"
    >
      The pathfinder.
    </p>
    <MockLink
      to="/fake-id/powers"
    >
      Choose 
      Scott Ryder
    </MockLink>
  </div>
</section>
`;
