// Jest Snapshot v1, https://goo.gl/fbAQLP

exports[`Avatar component when className is provided renders with extra className 1`] = `
"Snapshot Diff:
- First value
+ Second value

@@ -1,7 +1,7 @@
  <div
-   className=\\"avatar\\"
+   className=\\"avatar mock-class\\"
  >
    <img
      alt=\\"Portrait of Fake Name\\"
      className=\\"avatar__portrait\\"
      draggable=\\"false\\""
`;

exports[`Avatar component when rendered renders a wrapping element containing an image 1`] = `
<div
  className="avatar"
>
  <img
    alt="Portrait of Fake Name"
    className="avatar__portrait"
    draggable="false"
    src="mock-src"
  />
</div>
`;
