// Jest Snapshot v1, https://goo.gl/fbAQLP

exports[`PowerSelection component when rendered renders a header area and categories for powers and enhancements 1`] = `
<section
  className="power-selection"
>
  <header
    className="power-selection__header"
  >
    <h1
      className="power-selection__title"
    >
      Mock Name
      <br />
      Select your powers
    </h1>
    <MockAvatar
      className="power-selection__avatar"
      name="Mock Name"
      slug="mock-slug"
    />
  </header>
  <div
    className="power-selection__categories"
  >
    <MockPowersList
      className="power-selection__category"
      powers={
        Immutable.List [
          "mock-top-level-powers",
        ]
      }
    >
      Top-level Powers
    </MockPowersList>
    <MockPowersList
      className="power-selection__category"
      powers={
        Immutable.List [
          "mock-top-level-enhancements",
        ]
      }
    >
      Top-level Enhancements
    </MockPowersList>
  </div>
  <footer
    className="power-selection__footer"
  >
    <MockButton
      className="power-selection__back-cta"
      href="/"
    >
      Back to character selection
    </MockButton>
  </footer>
</section>
`;
