// Jest Snapshot v1, https://goo.gl/fbAQLP

exports[`PowerSelectionRouteValidation component when character is missing when PageNotFound component has finished loading renders the PageNotFound component 1`] = `<mock-page-not-found />`;

exports[`PowerSelectionRouteValidation component when character is missing when PageNotFound component is still loading renders the Loader component 1`] = `
<MockLoader
  showLoader={true}
/>
`;

exports[`PowerSelectionRouteValidation component when character is present renders the PowerSelection component 1`] = `<MockPowerSelection />`;
